// Jest Snapshot v1, https://goo.gl/fbAQLP

exports[`snapshot test render basic Search 1`] = `
<div>
  <div>
    <div
      aria-expanded="false"
      class="MuiPaper-root MuiPaper-elevation MuiPaper-rounded MuiPaper-elevation0 css-124oeyu-MuiPaper-root"
      role="combobox"
    >
      <div
        class="MuiInputBase-root MuiInputBase-colorPrimary MuiInputBase-fullWidth MuiInputBase-adornedStart MuiInputBase-adornedEnd css-luel6v-MuiInputBase-root"
      >
        <div
          class="MuiInputAdornment-root MuiInputAdornment-positionStart css-ittuaa-MuiInputAdornment-root"
        >
          <span
            class="notranslate"
          >
            â€‹
          </span>
          <button
            aria-label="Search"
            class="MuiButtonBase-root MuiIconButton-root MuiIconButton-sizeMedium css-78trlr-MuiButtonBase-root-MuiIconButton-root"
            tabindex="0"
            type="button"
          >
            <svg
              aria-hidden="true"
              class="MuiSvgIcon-root MuiSvgIcon-fontSizeMedium css-i4bv87-MuiSvgIcon-root"
              data-testid="SearchIcon"
              focusable="false"
              viewBox="0 0 24 24"
            >
              <path
                d="M15.5 14h-.79l-.28-.27C15.41 12.59 16 11.11 16 9.5 16 5.91 13.09 3 9.5 3S3 5.91 3 9.5 5.91 16 9.5 16c1.61 0 3.09-.59 4.23-1.57l.27.28v.79l5 4.99L20.49 19l-4.99-5zm-6 0C7.01 14 5 11.99 5 9.5S7.01 5 9.5 5 14 7.01 14 9.5 11.99 14 9.5 14z"
              />
            </svg>
            <span
              class="MuiTouchRipple-root css-8je8zh-MuiTouchRipple-root"
            />
          </button>
        </div>
        <input
          aria-autocomplete="list"
          aria-label="Search..."
          autocapitalize="none"
          autocomplete="off"
          class="MuiInputBase-input MuiInputBase-inputAdornedStart MuiInputBase-inputAdornedEnd css-yz9k0d-MuiInputBase-input"
          id="use-autocomplete-demo"
          placeholder="Search..."
          spellcheck="false"
          type="text"
          value=""
        />
        <div
          class="css-i45yfx"
        >
          <button
            aria-label="Show search options"
            class="MuiButtonBase-root MuiIconButton-root MuiIconButton-sizeMedium css-14cutrz-MuiButtonBase-root-MuiIconButton-root"
            tabindex="0"
            type="button"
          >
            <svg
              aria-hidden="true"
              class="MuiSvgIcon-root MuiSvgIcon-fontSizeMedium css-i4bv87-MuiSvgIcon-root"
              data-testid="TuneIcon"
              focusable="false"
              viewBox="0 0 24 24"
            >
              <path
                d="M3 17v2h6v-2H3zM3 5v2h10V5H3zm10 16v-2h8v-2h-8v-2h-2v6h2zM7 9v2H3v2h4v2h2V9H7zm14 4v-2H11v2h10zm-6-4h2V7h4V5h-4V3h-2v6z"
              />
            </svg>
            <span
              class="MuiTouchRipple-root css-8je8zh-MuiTouchRipple-root"
            />
          </button>
        </div>
      </div>
    </div>
  </div>
</div>
`;
